[2026-07-23 23:31:13] === Bulletproof Email & Affiliate Autopilot Initialized ===
[2026-07-23 23:31:13] Executing automated daily email rotation & warm-up sync...
[2026-07-23 23:31:13] Execution Success: --- Initializing Professional Corporate Email Generation Engine ---
[Success] Successfully generated 15 professional corporate emails for Damodar Tech Craze!
 -> Professional Email: support@damodartechcraze.com
 -> Professional Email: partners@damodartechcraze.com
 -> Professional Email: affiliates@damodartechcraze.com
 -> Professional Email: contact@damodartechcraze.com
 -> Professional Email: hello@damodartechcraze.com
 -> Professional Email: business@damodartechcraze.com
 -> Professional Email: media@damodartechcraze.com
 -> Professional Email: team@damodartechcraze.com
 -> Professional Email: growth@damodartechcraze.com
 -> Professional Email: inquiries@damodartechcraze.com
 -> Professional Email: admin@damodartechcraze.com
 -> Professional Email: editorial@damodartechcraze.com
 -> Professional Email: security@damodartechcraze.com
 -> Professional Email: creator@damodartechcraze.com
 -> Professional Email: dev@damodartechcraze.com
[2026-07-23 23:31:13] Autopilot resting for 2 hours before next stealth cycle...
[2026-07-23 23:49:07] Manual shutdown requested. Exiting safely.
