--- Initializing Permanent 24/7 Safe Autopilot & IP Rotation Engine ---
[Core Engine] Rotating Realme 8 Mobile Data for fresh IP...
[Core Engine] Fresh IP assigned securely. Resuming automation...
Processing Profile: None -> Executing Safe Signup & Warm-up...
[Core Engine] Rotating Realme 8 Mobile Data for fresh IP...
[Core Engine] Fresh IP assigned securely. Resuming automation...
Processing Profile: None -> Executing Safe Signup & Warm-up...
[Core Engine] Rotating Realme 8 Mobile Data for fresh IP...
[Core Engine] Fresh IP assigned securely. Resuming automation...
Processing Profile: None -> Executing Safe Signup & Warm-up...
[Core Engine] Rotating Realme 8 Mobile Data for fresh IP...
[Core Engine] Fresh IP assigned securely. Resuming automation...
Processing Profile: None -> Executing Safe Signup & Warm-up...
[Core Engine] Rotating Realme 8 Mobile Data for fresh IP...
[Core Engine] Fresh IP assigned securely. Resuming automation...
Processing Profile: None -> Executing Safe Signup & Warm-up...
[Core Engine] Rotating Realme 8 Mobile Data for fresh IP...
[Core Engine] Fresh IP assigned securely. Resuming automation...
Processing Profile: None -> Executing Safe Signup & Warm-up...
[Core Engine] Rotating Realme 8 Mobile Data for fresh IP...
[Core Engine] Fresh IP assigned securely. Resuming automation...
Processing Profile: None -> Executing Safe Signup & Warm-up...
[Core Engine] Rotating Realme 8 Mobile Data for fresh IP...
[Core Engine] Fresh IP assigned securely. Resuming automation...
Processing Profile: None -> Executing Safe Signup & Warm-up...
[Core Engine] Rotating Realme 8 Mobile Data for fresh IP...
[Core Engine] Fresh IP assigned securely. Resuming automation...
Processing Profile: None -> Executing Safe Signup & Warm-up...
[Core Engine] Rotating Realme 8 Mobile Data for fresh IP...
[Core Engine] Fresh IP assigned securely. Resuming automation...
Processing Profile: None -> Executing Safe Signup & Warm-up...
[Core Engine] Rotating Realme 8 Mobile Data for fresh IP...
[Core Engine] Fresh IP assigned securely. Resuming automation...
Processing Profile: None -> Executing Safe Signup & Warm-up...
[Core Engine] Rotating Realme 8 Mobile Data for fresh IP...
[Core Engine] Fresh IP assigned securely. Resuming automation...
Processing Profile: None -> Executing Safe Signup & Warm-up...
[Core Engine] Rotating Realme 8 Mobile Data for fresh IP...
[Core Engine] Fresh IP assigned securely. Resuming automation...
Processing Profile: None -> Executing Safe Signup & Warm-up...
[Core Engine] Rotating Realme 8 Mobile Data for fresh IP...
[Core Engine] Fresh IP assigned securely. Resuming automation...
Processing Profile: None -> Executing Safe Signup & Warm-up...
[Core Engine] Rotating Realme 8 Mobile Data for fresh IP...
[Core Engine] Fresh IP assigned securely. Resuming automation...
Processing Profile: None -> Executing Safe Signup & Warm-up...
[Core Engine] Rotating Realme 8 Mobile Data for fresh IP...
[Core Engine] Fresh IP assigned securely. Resuming automation...
Processing Profile: None -> Executing Safe Signup & Warm-up...
[Core Engine] Rotating Realme 8 Mobile Data for fresh IP...
[Core Engine] Fresh IP assigned securely. Resuming automation...
Processing Profile: None -> Executing Safe Signup & Warm-up...
[Core Engine] Rotating Realme 8 Mobile Data for fresh IP...
[Core Engine] Fresh IP assigned securely. Resuming automation...
Processing Profile: None -> Executing Safe Signup & Warm-up...
[Core Engine] Rotating Realme 8 Mobile Data for fresh IP...
[Core Engine] Fresh IP assigned securely. Resuming automation...
Processing Profile: None -> Executing Safe Signup & Warm-up...
[Core Engine] Rotating Realme 8 Mobile Data for fresh IP...
[Core Engine] Fresh IP assigned securely. Resuming automation...
Processing Profile: None -> Executing Safe Signup & Warm-up...
[Core Engine] Rotating Realme 8 Mobile Data for fresh IP...
[Core Engine] Fresh IP assigned securely. Resuming automation...
Processing Profile: None -> Executing Safe Signup & Warm-up...
[Core Engine] Rotating Realme 8 Mobile Data for fresh IP...
[Core Engine] Fresh IP assigned securely. Resuming automation...
Processing Profile: None -> Executing Safe Signup & Warm-up...
[Core Engine] Rotating Realme 8 Mobile Data for fresh IP...
[Core Engine] Fresh IP assigned securely. Resuming automation...
Processing Profile: None -> Executing Safe Signup & Warm-up...
[Core Engine] Rotating Realme 8 Mobile Data for fresh IP...
[Core Engine] Fresh IP assigned securely. Resuming automation...
Processing Profile: None -> Executing Safe Signup & Warm-up...
[Core Engine] Rotating Realme 8 Mobile Data for fresh IP...
[Core Engine] Fresh IP assigned securely. Resuming automation...
Processing Profile: None -> Executing Safe Signup & Warm-up...
[Core Engine] Rotating Realme 8 Mobile Data for fresh IP...
[Core Engine] Fresh IP assigned securely. Resuming automation...
Processing Profile: None -> Executing Safe Signup & Warm-up...
[Core Engine] Rotating Realme 8 Mobile Data for fresh IP...
[Core Engine] Fresh IP assigned securely. Resuming automation...
Processing Profile: None -> Executing Safe Signup & Warm-up...
[Core Engine] Rotating Realme 8 Mobile Data for fresh IP...
[Core Engine] Fresh IP assigned securely. Resuming automation...
Processing Profile: None -> Executing Safe Signup & Warm-up...
[Core Engine] Rotating Realme 8 Mobile Data for fresh IP...
[Core Engine] Fresh IP assigned securely. Resuming automation...
Processing Profile: None -> Executing Safe Signup & Warm-up...
[Core Engine] Rotating Realme 8 Mobile Data for fresh IP...
[Core Engine] Fresh IP assigned securely. Resuming automation...
Processing Profile: None -> Executing Safe Signup & Warm-up...
[Core Engine] Rotating Realme 8 Mobile Data for fresh IP...
[Core Engine] Fresh IP assigned securely. Resuming automation...
Processing Profile: None -> Executing Safe Signup & Warm-up...
[Core Engine] Rotating Realme 8 Mobile Data for fresh IP...
[Core Engine] Fresh IP assigned securely. Resuming automation...
Processing Profile: None -> Executing Safe Signup & Warm-up...
[Core Engine] Rotating Realme 8 Mobile Data for fresh IP...
[Core Engine] Fresh IP assigned securely. Resuming automation...
Processing Profile: None -> Executing Safe Signup & Warm-up...
[Core Engine] Rotating Realme 8 Mobile Data for fresh IP...
[Core Engine] Fresh IP assigned securely. Resuming automation...
Processing Profile: None -> Executing Safe Signup & Warm-up...
[Core Engine] Rotating Realme 8 Mobile Data for fresh IP...
[Core Engine] Fresh IP assigned securely. Resuming automation...
Processing Profile: None -> Executing Safe Signup & Warm-up...
[Core Engine] Rotating Realme 8 Mobile Data for fresh IP...
[Core Engine] Fresh IP assigned securely. Resuming automation...
Processing Profile: None -> Executing Safe Signup & Warm-up...
[Core Engine] Rotating Realme 8 Mobile Data for fresh IP...
[Core Engine] Fresh IP assigned securely. Resuming automation...
Processing Profile: None -> Executing Safe Signup & Warm-up...
[Core Engine] Rotating Realme 8 Mobile Data for fresh IP...
[Core Engine] Fresh IP assigned securely. Resuming automation...
Processing Profile: None -> Executing Safe Signup & Warm-up...
[Core Engine] Rotating Realme 8 Mobile Data for fresh IP...
[Core Engine] Fresh IP assigned securely. Resuming automation...
Processing Profile: None -> Executing Safe Signup & Warm-up...
[Core Engine] Rotating Realme 8 Mobile Data for fresh IP...
[Core Engine] Fresh IP assigned securely. Resuming automation...
Processing Profile: None -> Executing Safe Signup & Warm-up...
[Core Engine] Rotating Realme 8 Mobile Data for fresh IP...
[Core Engine] Fresh IP assigned securely. Resuming automation...
Processing Profile: None -> Executing Safe Signup & Warm-up...
[Core Engine] Rotating Realme 8 Mobile Data for fresh IP...
[Core Engine] Fresh IP assigned securely. Resuming automation...
Processing Profile: None -> Executing Safe Signup & Warm-up...
[Core Engine] Rotating Realme 8 Mobile Data for fresh IP...
[Core Engine] Fresh IP assigned securely. Resuming automation...
Processing Profile: None -> Executing Safe Signup & Warm-up...
[Core Engine] Rotating Realme 8 Mobile Data for fresh IP...
[Core Engine] Fresh IP assigned securely. Resuming automation...
Processing Profile: None -> Executing Safe Signup & Warm-up...
[Core Engine] Rotating Realme 8 Mobile Data for fresh IP...
[Core Engine] Fresh IP assigned securely. Resuming automation...
Processing Profile: None -> Executing Safe Signup & Warm-up...
[Core Engine] Rotating Realme 8 Mobile Data for fresh IP...
[Core Engine] Fresh IP assigned securely. Resuming automation...
Processing Profile: None -> Executing Safe Signup & Warm-up...
[Core Engine] Rotating Realme 8 Mobile Data for fresh IP...
[Core Engine] Fresh IP assigned securely. Resuming automation...
Processing Profile: None -> Executing Safe Signup & Warm-up...
[Core Engine] Rotating Realme 8 Mobile Data for fresh IP...
[Core Engine] Fresh IP assigned securely. Resuming automation...
Processing Profile: None -> Executing Safe Signup & Warm-up...
[Core Engine] Rotating Realme 8 Mobile Data for fresh IP...
[Core Engine] Fresh IP assigned securely. Resuming automation...
Processing Profile: None -> Executing Safe Signup & Warm-up...
[Core Engine] Rotating Realme 8 Mobile Data for fresh IP...
[Core Engine] Fresh IP assigned securely. Resuming automation...
Processing Profile: None -> Executing Safe Signup & Warm-up...
[Core Engine] Rotating Realme 8 Mobile Data for fresh IP...
[Core Engine] Fresh IP assigned securely. Resuming automation...
Processing Profile: None -> Executing Safe Signup & Warm-up...
[Core Engine] Rotating Realme 8 Mobile Data for fresh IP...
[Core Engine] Fresh IP assigned securely. Resuming automation...
Processing Profile: None -> Executing Safe Signup & Warm-up...
[Core Engine] Rotating Realme 8 Mobile Data for fresh IP...
[Core Engine] Fresh IP assigned securely. Resuming automation...
Processing Profile: None -> Executing Safe Signup & Warm-up...
[Core Engine] Rotating Realme 8 Mobile Data for fresh IP...
[Core Engine] Fresh IP assigned securely. Resuming automation...
Processing Profile: None -> Executing Safe Signup & Warm-up...
[Core Engine] Rotating Realme 8 Mobile Data for fresh IP...
[Core Engine] Fresh IP assigned securely. Resuming automation...
Processing Profile: None -> Executing Safe Signup & Warm-up...
[Core Engine] Rotating Realme 8 Mobile Data for fresh IP...
[Core Engine] Fresh IP assigned securely. Resuming automation...
Processing Profile: None -> Executing Safe Signup & Warm-up...
[Core Engine] Rotating Realme 8 Mobile Data for fresh IP...
[Core Engine] Fresh IP assigned securely. Resuming automation...
Processing Profile: None -> Executing Safe Signup & Warm-up...
[Core Engine] Rotating Realme 8 Mobile Data for fresh IP...
[Core Engine] Fresh IP assigned securely. Resuming automation...
Processing Profile: None -> Executing Safe Signup & Warm-up...
[Core Engine] Rotating Realme 8 Mobile Data for fresh IP...
[Core Engine] Fresh IP assigned securely. Resuming automation...
Processing Profile: None -> Executing Safe Signup & Warm-up...
[Core Engine] Rotating Realme 8 Mobile Data for fresh IP...
[Core Engine] Fresh IP assigned securely. Resuming automation...
Processing Profile: None -> Executing Safe Signup & Warm-up...
[Core Engine] Rotating Realme 8 Mobile Data for fresh IP...
[Core Engine] Fresh IP assigned securely. Resuming automation...
Processing Profile: None -> Executing Safe Signup & Warm-up...
[Core Engine] Rotating Realme 8 Mobile Data for fresh IP...
[Core Engine] Fresh IP assigned securely. Resuming automation...
Processing Profile: None -> Executing Safe Signup & Warm-up...
[Core Engine] Rotating Realme 8 Mobile Data for fresh IP...
[Core Engine] Fresh IP assigned securely. Resuming automation...
Processing Profile: None -> Executing Safe Signup & Warm-up...
[Core Engine] Rotating Realme 8 Mobile Data for fresh IP...
[Core Engine] Fresh IP assigned securely. Resuming automation...
Processing Profile: None -> Executing Safe Signup & Warm-up...
[Core Engine] Rotating Realme 8 Mobile Data for fresh IP...
[Core Engine] Fresh IP assigned securely. Resuming automation...
Processing Profile: None -> Executing Safe Signup & Warm-up...
[Core Engine] Rotating Realme 8 Mobile Data for fresh IP...
[Core Engine] Fresh IP assigned securely. Resuming automation...
Processing Profile: None -> Executing Safe Signup & Warm-up...
[Core Engine] Rotating Realme 8 Mobile Data for fresh IP...
[Core Engine] Fresh IP assigned securely. Resuming automation...
Processing Profile: None -> Executing Safe Signup & Warm-up...
[Core Engine] Rotating Realme 8 Mobile Data for fresh IP...
[Core Engine] Fresh IP assigned securely. Resuming automation...
Processing Profile: None -> Executing Safe Signup & Warm-up...
[Core Engine] Rotating Realme 8 Mobile Data for fresh IP...
[Core Engine] Fresh IP assigned securely. Resuming automation...
Processing Profile: None -> Executing Safe Signup & Warm-up...
[Core Engine] Rotating Realme 8 Mobile Data for fresh IP...
[Core Engine] Fresh IP assigned securely. Resuming automation...
Processing Profile: None -> Executing Safe Signup & Warm-up...
[Core Engine] Rotating Realme 8 Mobile Data for fresh IP...
[Core Engine] Fresh IP assigned securely. Resuming automation...
Processing Profile: None -> Executing Safe Signup & Warm-up...
[Core Engine] Rotating Realme 8 Mobile Data for fresh IP...
[Core Engine] Fresh IP assigned securely. Resuming automation...
Processing Profile: None -> Executing Safe Signup & Warm-up...
[Core Engine] Rotating Realme 8 Mobile Data for fresh IP...
[Core Engine] Fresh IP assigned securely. Resuming automation...
Processing Profile: None -> Executing Safe Signup & Warm-up...
[Core Engine] Rotating Realme 8 Mobile Data for fresh IP...
[Core Engine] Fresh IP assigned securely. Resuming automation...
Processing Profile: None -> Executing Safe Signup & Warm-up...
[Core Engine] Rotating Realme 8 Mobile Data for fresh IP...
[Core Engine] Fresh IP assigned securely. Resuming automation...
Processing Profile: None -> Executing Safe Signup & Warm-up...
[Core Engine] Rotating Realme 8 Mobile Data for fresh IP...
[Core Engine] Fresh IP assigned securely. Resuming automation...
Processing Profile: None -> Executing Safe Signup & Warm-up...
[Core Engine] Rotating Realme 8 Mobile Data for fresh IP...
[Core Engine] Fresh IP assigned securely. Resuming automation...
Processing Profile: None -> Executing Safe Signup & Warm-up...
[Core Engine] Rotating Realme 8 Mobile Data for fresh IP...
[Core Engine] Fresh IP assigned securely. Resuming automation...
Processing Profile: None -> Executing Safe Signup & Warm-up...
[Core Engine] Rotating Realme 8 Mobile Data for fresh IP...
[Core Engine] Fresh IP assigned securely. Resuming automation...
Processing Profile: None -> Executing Safe Signup & Warm-up...
[Core Engine] Rotating Realme 8 Mobile Data for fresh IP...
[Core Engine] Fresh IP assigned securely. Resuming automation...
Processing Profile: None -> Executing Safe Signup & Warm-up...
[Core Engine] Rotating Realme 8 Mobile Data for fresh IP...
[Core Engine] Fresh IP assigned securely. Resuming automation...
Processing Profile: None -> Executing Safe Signup & Warm-up...
[Core Engine] Rotating Realme 8 Mobile Data for fresh IP...
[Core Engine] Fresh IP assigned securely. Resuming automation...
Processing Profile: None -> Executing Safe Signup & Warm-up...
[Core Engine] Rotating Realme 8 Mobile Data for fresh IP...
[Core Engine] Fresh IP assigned securely. Resuming automation...
Processing Profile: None -> Executing Safe Signup & Warm-up...
[Core Engine] Rotating Realme 8 Mobile Data for fresh IP...
[Core Engine] Fresh IP assigned securely. Resuming automation...
Processing Profile: None -> Executing Safe Signup & Warm-up...
[Core Engine] Rotating Realme 8 Mobile Data for fresh IP...
[Core Engine] Fresh IP assigned securely. Resuming automation...
Processing Profile: None -> Executing Safe Signup & Warm-up...
[Core Engine] Rotating Realme 8 Mobile Data for fresh IP...
[Core Engine] Fresh IP assigned securely. Resuming automation...
Processing Profile: None -> Executing Safe Signup & Warm-up...
[Core Engine] Rotating Realme 8 Mobile Data for fresh IP...
[Core Engine] Fresh IP assigned securely. Resuming automation...
Processing Profile: None -> Executing Safe Signup & Warm-up...
[Core Engine] Rotating Realme 8 Mobile Data for fresh IP...
[Core Engine] Fresh IP assigned securely. Resuming automation...
Processing Profile: None -> Executing Safe Signup & Warm-up...
[Core Engine] Rotating Realme 8 Mobile Data for fresh IP...
[Core Engine] Fresh IP assigned securely. Resuming automation...
Processing Profile: None -> Executing Safe Signup & Warm-up...
[Core Engine] Rotating Realme 8 Mobile Data for fresh IP...
[Core Engine] Fresh IP assigned securely. Resuming automation...
Processing Profile: None -> Executing Safe Signup & Warm-up...
[Core Engine] Rotating Realme 8 Mobile Data for fresh IP...
[Core Engine] Fresh IP assigned securely. Resuming automation...
Processing Profile: None -> Executing Safe Signup & Warm-up...
[SUCCESS] Autopilot batch executed safely with permanent IP rotation.
