[2026-07-23 23:49:07] Master Autopilot Daemon started. Running 24/7 unattended...
[2026-07-23 23:49:07] === Starting Autonomous 24/7 Affiliate & Email Cycle ===
[2026-07-23 23:49:07] [Network] Triggering Realme 8 IP rotation via ADB...
[2026-07-23 23:49:11] [Success] Realme 8 network rotated successfully. Fresh IP assigned!
[2026-07-23 23:49:11] [Email Engine] Success: --- Initializing Professional Corporate Email Generation Engine ---
[Success] Successfully generated 15 professional corporate emails for Damodar Tech Craze!
 -> Professional Email: support@damodartechcraze.com
 -> Professional Email: partners@damodartechcraze.com
 -> Professional Email: affiliates@damodartechcraze.com
 -> Professional Email: contact@damodartechcraze.com
 -> Professional Email: hello@damodartechcraze.com
 -> Professional Email: business@damodartechcraze.com
 -> Professional Email: media@damodartechcraze.com
 -> Professional Email: team@damodartechcraze.com
 -> Professional Email: growth@damodartechcraze.com
 -> Professional Email: inquiries@damodartechcraze.com
 -> Professional Email: admin@damodartechcraze.com
 -> Professional Email: editorial@damodartechcraze.com
 -> Professional Email: security@damodartechcraze.com
 -> Professional Email: creator@damodartechcraze.com
 -> Professional Email: dev@damodartechcraze.com
[2026-07-23 23:49:11] === Cycle Completed Successfully. Entering 2-hour stealth rest period ===
[2026-07-24 01:49:11] === Starting Autonomous 24/7 Affiliate & Email Cycle ===
[2026-07-24 01:49:11] [Network] Triggering Realme 8 IP rotation via ADB...
[2026-07-24 01:49:16] [Success] Realme 8 network rotated successfully. Fresh IP assigned!
[2026-07-24 01:49:16] [Email Engine] Success: --- Initializing Professional Corporate Email Generation Engine ---
[Success] Successfully generated 15 professional corporate emails for Damodar Tech Craze!
 -> Professional Email: support@damodartechcraze.com
 -> Professional Email: partners@damodartechcraze.com
 -> Professional Email: affiliates@damodartechcraze.com
 -> Professional Email: contact@damodartechcraze.com
 -> Professional Email: hello@damodartechcraze.com
 -> Professional Email: business@damodartechcraze.com
 -> Professional Email: media@damodartechcraze.com
 -> Professional Email: team@damodartechcraze.com
 -> Professional Email: growth@damodartechcraze.com
 -> Professional Email: inquiries@damodartechcraze.com
 -> Professional Email: admin@damodartechcraze.com
 -> Professional Email: editorial@damodartechcraze.com
 -> Professional Email: security@damodartechcraze.com
 -> Professional Email: creator@damodartechcraze.com
 -> Professional Email: dev@damodartechcraze.com
[2026-07-24 01:49:16] === Cycle Completed Successfully. Entering 2-hour stealth rest period ===
[2026-07-24 03:49:16] === Starting Autonomous 24/7 Affiliate & Email Cycle ===
[2026-07-24 03:49:16] [Network] Triggering Realme 8 IP rotation via ADB...
[2026-07-24 03:49:20] [Success] Realme 8 network rotated successfully. Fresh IP assigned!
[2026-07-24 03:49:20] [Email Engine] Success: --- Initializing Professional Corporate Email Generation Engine ---
[Success] Successfully generated 15 professional corporate emails for Damodar Tech Craze!
 -> Professional Email: support@damodartechcraze.com
 -> Professional Email: partners@damodartechcraze.com
 -> Professional Email: affiliates@damodartechcraze.com
 -> Professional Email: contact@damodartechcraze.com
 -> Professional Email: hello@damodartechcraze.com
 -> Professional Email: business@damodartechcraze.com
 -> Professional Email: media@damodartechcraze.com
 -> Professional Email: team@damodartechcraze.com
 -> Professional Email: growth@damodartechcraze.com
 -> Professional Email: inquiries@damodartechcraze.com
 -> Professional Email: admin@damodartechcraze.com
 -> Professional Email: editorial@damodartechcraze.com
 -> Professional Email: security@damodartechcraze.com
 -> Professional Email: creator@damodartechcraze.com
 -> Professional Email: dev@damodartechcraze.com
[2026-07-24 03:49:20] === Cycle Completed Successfully. Entering 2-hour stealth rest period ===
[2026-07-24 05:49:20] === Starting Autonomous 24/7 Affiliate & Email Cycle ===
[2026-07-24 05:49:20] [Network] Triggering Realme 8 IP rotation via ADB...
[2026-07-24 05:49:24] [Success] Realme 8 network rotated successfully. Fresh IP assigned!
[2026-07-24 05:49:24] [Email Engine] Success: --- Initializing Professional Corporate Email Generation Engine ---
[Success] Successfully generated 15 professional corporate emails for Damodar Tech Craze!
 -> Professional Email: support@damodartechcraze.com
 -> Professional Email: partners@damodartechcraze.com
 -> Professional Email: affiliates@damodartechcraze.com
 -> Professional Email: contact@damodartechcraze.com
 -> Professional Email: hello@damodartechcraze.com
 -> Professional Email: business@damodartechcraze.com
 -> Professional Email: media@damodartechcraze.com
 -> Professional Email: team@damodartechcraze.com
 -> Professional Email: growth@damodartechcraze.com
 -> Professional Email: inquiries@damodartechcraze.com
 -> Professional Email: admin@damodartechcraze.com
 -> Professional Email: editorial@damodartechcraze.com
 -> Professional Email: security@damodartechcraze.com
 -> Professional Email: creator@damodartechcraze.com
 -> Professional Email: dev@damodartechcraze.com
[2026-07-24 05:49:24] === Cycle Completed Successfully. Entering 2-hour stealth rest period ===
[2026-07-24 07:49:24] === Starting Autonomous 24/7 Affiliate & Email Cycle ===
[2026-07-24 07:49:24] [Network] Triggering Realme 8 IP rotation via ADB...
[2026-07-24 07:49:28] [Success] Realme 8 network rotated successfully. Fresh IP assigned!
[2026-07-24 07:49:28] [Email Engine] Success: --- Initializing Professional Corporate Email Generation Engine ---
[Success] Successfully generated 15 professional corporate emails for Damodar Tech Craze!
 -> Professional Email: support@damodartechcraze.com
 -> Professional Email: partners@damodartechcraze.com
 -> Professional Email: affiliates@damodartechcraze.com
 -> Professional Email: contact@damodartechcraze.com
 -> Professional Email: hello@damodartechcraze.com
 -> Professional Email: business@damodartechcraze.com
 -> Professional Email: media@damodartechcraze.com
 -> Professional Email: team@damodartechcraze.com
 -> Professional Email: growth@damodartechcraze.com
 -> Professional Email: inquiries@damodartechcraze.com
 -> Professional Email: admin@damodartechcraze.com
 -> Professional Email: editorial@damodartechcraze.com
 -> Professional Email: security@damodartechcraze.com
 -> Professional Email: creator@damodartechcraze.com
 -> Professional Email: dev@damodartechcraze.com
[2026-07-24 07:49:28] === Cycle Completed Successfully. Entering 2-hour stealth rest period ===
[2026-07-24 09:49:28] === Starting Autonomous 24/7 Affiliate & Email Cycle ===
[2026-07-24 09:49:28] [Network] Triggering Realme 8 IP rotation via ADB...
[2026-07-24 09:49:33] [Success] Realme 8 network rotated successfully. Fresh IP assigned!
[2026-07-24 09:49:33] [Email Engine] Success: --- Initializing Professional Corporate Email Generation Engine ---
[Success] Successfully generated 15 professional corporate emails for Damodar Tech Craze!
 -> Professional Email: support@damodartechcraze.com
 -> Professional Email: partners@damodartechcraze.com
 -> Professional Email: affiliates@damodartechcraze.com
 -> Professional Email: contact@damodartechcraze.com
 -> Professional Email: hello@damodartechcraze.com
 -> Professional Email: business@damodartechcraze.com
 -> Professional Email: media@damodartechcraze.com
 -> Professional Email: team@damodartechcraze.com
 -> Professional Email: growth@damodartechcraze.com
 -> Professional Email: inquiries@damodartechcraze.com
 -> Professional Email: admin@damodartechcraze.com
 -> Professional Email: editorial@damodartechcraze.com
 -> Professional Email: security@damodartechcraze.com
 -> Professional Email: creator@damodartechcraze.com
 -> Professional Email: dev@damodartechcraze.com
[2026-07-24 09:49:33] === Cycle Completed Successfully. Entering 2-hour stealth rest period ===
[2026-07-24 11:49:33] === Starting Autonomous 24/7 Affiliate & Email Cycle ===
[2026-07-24 11:49:33] [Network] Triggering Realme 8 IP rotation via ADB...
[2026-07-24 11:49:37] [Success] Realme 8 network rotated successfully. Fresh IP assigned!
[2026-07-24 11:49:37] [Email Engine] Success: --- Initializing Professional Corporate Email Generation Engine ---
[Success] Successfully generated 15 professional corporate emails for Damodar Tech Craze!
 -> Professional Email: support@damodartechcraze.com
 -> Professional Email: partners@damodartechcraze.com
 -> Professional Email: affiliates@damodartechcraze.com
 -> Professional Email: contact@damodartechcraze.com
 -> Professional Email: hello@damodartechcraze.com
 -> Professional Email: business@damodartechcraze.com
 -> Professional Email: media@damodartechcraze.com
 -> Professional Email: team@damodartechcraze.com
 -> Professional Email: growth@damodartechcraze.com
 -> Professional Email: inquiries@damodartechcraze.com
 -> Professional Email: admin@damodartechcraze.com
 -> Professional Email: editorial@damodartechcraze.com
 -> Professional Email: security@damodartechcraze.com
 -> Professional Email: creator@damodartechcraze.com
 -> Professional Email: dev@damodartechcraze.com
[2026-07-24 11:49:37] === Cycle Completed Successfully. Entering 2-hour stealth rest period ===
[2026-07-24 13:49:37] === Starting Autonomous 24/7 Affiliate & Email Cycle ===
[2026-07-24 13:49:37] [Network] Triggering Realme 8 IP rotation via ADB...
[2026-07-24 13:49:41] [Success] Realme 8 network rotated successfully. Fresh IP assigned!
[2026-07-24 13:49:41] [Email Engine] Success: --- Initializing Professional Corporate Email Generation Engine ---
[Success] Successfully generated 15 professional corporate emails for Damodar Tech Craze!
 -> Professional Email: support@damodartechcraze.com
 -> Professional Email: partners@damodartechcraze.com
 -> Professional Email: affiliates@damodartechcraze.com
 -> Professional Email: contact@damodartechcraze.com
 -> Professional Email: hello@damodartechcraze.com
 -> Professional Email: business@damodartechcraze.com
 -> Professional Email: media@damodartechcraze.com
 -> Professional Email: team@damodartechcraze.com
 -> Professional Email: growth@damodartechcraze.com
 -> Professional Email: inquiries@damodartechcraze.com
 -> Professional Email: admin@damodartechcraze.com
 -> Professional Email: editorial@damodartechcraze.com
 -> Professional Email: security@damodartechcraze.com
 -> Professional Email: creator@damodartechcraze.com
 -> Professional Email: dev@damodartechcraze.com
[2026-07-24 13:49:41] === Cycle Completed Successfully. Entering 2-hour stealth rest period ===
