=== [DAMODAR MILITARY-GRADE HARDWARE & DATE-WISE TRACKING DAEMON] ===
[STATUS] Date: 2026-07-26 | Target: 60 | Generated Today: 0
[⏳ HUMAN MIMICRY] Organic spacing active. Next generation in 20.09 minutes...
[🛡️ MILITARY-GRADE ADB] Executing physical phone airplane mode toggle for fresh residential IP...
[⚠️ ADB BRIDGE NOTICE]: Command '['adb', 'shell', 'settings', 'put', 'global', 'airplane_mode_on', '1']' returned non-zero exit status 255.. Fallback network stability engaged.
[✨ SUCCESS & SECURED] Generated: clouddeskdamodardigital21@gmail.com | Date: 2026-07-26 | Total Today: 1
[STATUS] Date: 2026-07-26 | Target: 60 | Generated Today: 1
[⏳ HUMAN MIMICRY] Organic spacing active. Next generation in 26.43 minutes...
[🛡️ MILITARY-GRADE ADB] Executing physical phone airplane mode toggle for fresh residential IP...
[⚠️ ADB BRIDGE NOTICE]: Command '['adb', 'shell', 'settings', 'put', 'global', 'airplane_mode_on', '1']' returned non-zero exit status 255.. Fallback network stability engaged.
[✨ SUCCESS & SECURED] Generated: fusionbillingdamodarventures72@proton.me | Date: 2026-07-26 | Total Today: 2
[STATUS] Date: 2026-07-26 | Target: 60 | Generated Today: 2
[⏳ HUMAN MIMICRY] Organic spacing active. Next generation in 21.52 minutes...
[🛡️ MILITARY-GRADE ADB] Executing physical phone airplane mode toggle for fresh residential IP...
[⚠️ ADB BRIDGE NOTICE]: Command '['adb', 'shell', 'settings', 'put', 'global', 'airplane_mode_on', '1']' returned non-zero exit status 255.. Fallback network stability engaged.
[✨ SUCCESS & SECURED] Generated: port.press.damodarempire@gmail.com | Date: 2026-07-26 | Total Today: 3
[STATUS] Date: 2026-07-26 | Target: 60 | Generated Today: 3
[⏳ HUMAN MIMICRY] Organic spacing active. Next generation in 27.43 minutes...
[🛡️ MILITARY-GRADE ADB] Executing physical phone airplane mode toggle for fresh residential IP...
[⚠️ ADB BRIDGE NOTICE]: Command '['adb', 'shell', 'settings', 'put', 'global', 'airplane_mode_on', '1']' returned non-zero exit status 255.. Fallback network stability engaged.
[✨ SUCCESS & SECURED] Generated: nextteamventuresdamodar12@proton.me | Date: 2026-07-26 | Total Today: 4
[STATUS] Date: 2026-07-26 | Target: 60 | Generated Today: 4
[⏳ HUMAN MIMICRY] Organic spacing active. Next generation in 21.46 minutes...
[🛡️ MILITARY-GRADE ADB] Executing physical phone airplane mode toggle for fresh residential IP...
[⚠️ ADB BRIDGE NOTICE]: Command '['adb', 'shell', 'settings', 'put', 'global', 'airplane_mode_on', '1']' returned non-zero exit status 255.. Fallback network stability engaged.
[✨ SUCCESS & SECURED] Generated: empire.legal.teamdamodare@enterprise-mail.com | Date: 2026-07-26 | Total Today: 5
[STATUS] Date: 2026-07-26 | Target: 60 | Generated Today: 5
[⏳ HUMAN MIMICRY] Organic spacing active. Next generation in 24.20 minutes...
