[Scraper Engine] Scraping Digital Agency in Indore...
[Scraper Engine] Scraping Digital Agency in Bhopal...
[Scraper Engine] Scraping Digital Agency in Pune...
[Scraper Engine] Scraping Digital Agency in Mumbai...
[Scraper Engine] Scraping Real Estate in Indore...
[Scraper Engine] Scraping Real Estate in Bhopal...
[Scraper Engine] Scraping Real Estate in Pune...
[Scraper Engine] Scraping Real Estate in Mumbai...
[Scraper Engine] Scraping Restaurant in Indore...
[Scraper Engine] Scraping Restaurant in Bhopal...
[Scraper Engine] Scraping Restaurant in Pune...
[Scraper Engine] Scraping Restaurant in Mumbai...
[Scraper Engine] Scraping Coaching Institute in Indore...
[Scraper Engine] Scraping Coaching Institute in Bhopal...
[Scraper Engine] Scraping Coaching Institute in Pune...
[Scraper Engine] Scraping Coaching Institute in Mumbai...
[SUCCESS] Batch completed! Added 0 new targeted business leads.
[Scraper Engine] Scraping Digital Agency in Indore...
[Scraper Engine] Scraping Digital Agency in Bhopal...
[Scraper Engine] Scraping Digital Agency in Pune...
[Scraper Engine] Scraping Digital Agency in Mumbai...
[Scraper Engine] Scraping Real Estate in Indore...
[Scraper Engine] Scraping Real Estate in Bhopal...
[Scraper Engine] Scraping Real Estate in Pune...
[Scraper Engine] Scraping Real Estate in Mumbai...
[Scraper Engine] Scraping Restaurant in Indore...
[Scraper Engine] Scraping Restaurant in Bhopal...
[Scraper Engine] Scraping Restaurant in Pune...
[Scraper Engine] Scraping Restaurant in Mumbai...
[Scraper Engine] Scraping Coaching Institute in Indore...
[Scraper Engine] Scraping Coaching Institute in Bhopal...
[Scraper Engine] Scraping Coaching Institute in Pune...
[Scraper Engine] Scraping Coaching Institute in Mumbai...
[SUCCESS] Batch completed! Added 0 new targeted business leads.
[Scraper Engine] Scraping Digital Agency in Indore...
[Scraper Engine] Scraping Digital Agency in Bhopal...
[Scraper Engine] Scraping Digital Agency in Pune...
[Scraper Engine] Scraping Digital Agency in Mumbai...
[Scraper Engine] Scraping Real Estate in Indore...
[Scraper Engine] Scraping Real Estate in Bhopal...
[Scraper Engine] Scraping Real Estate in Pune...
[Scraper Engine] Scraping Real Estate in Mumbai...
[Scraper Engine] Scraping Restaurant in Indore...
[Scraper Engine] Scraping Restaurant in Bhopal...
[Scraper Engine] Scraping Restaurant in Pune...
[Scraper Engine] Scraping Restaurant in Mumbai...
[Scraper Engine] Scraping Coaching Institute in Indore...
[Scraper Engine] Scraping Coaching Institute in Bhopal...
[Scraper Engine] Scraping Coaching Institute in Pune...
[Scraper Engine] Scraping Coaching Institute in Mumbai...
[SUCCESS] Batch completed! Added 0 new targeted business leads.
[Scraper Engine] Scraping Digital Agency in Indore...
[Scraper Engine] Scraping Digital Agency in Bhopal...
[Scraper Engine] Scraping Digital Agency in Pune...
[Scraper Engine] Scraping Digital Agency in Mumbai...
[Scraper Engine] Scraping Real Estate in Indore...
[Scraper Engine] Scraping Real Estate in Bhopal...
[Scraper Engine] Scraping Real Estate in Pune...
[Scraper Engine] Scraping Real Estate in Mumbai...
[Scraper Engine] Scraping Restaurant in Indore...
[Scraper Engine] Scraping Restaurant in Bhopal...
[Scraper Engine] Scraping Restaurant in Pune...
[Scraper Engine] Scraping Restaurant in Mumbai...
[Scraper Engine] Scraping Coaching Institute in Indore...
[Scraper Engine] Scraping Coaching Institute in Bhopal...
[Scraper Engine] Scraping Coaching Institute in Pune...
[Scraper Engine] Scraping Coaching Institute in Mumbai...
[SUCCESS] Batch completed! Added 0 new targeted business leads.
[Scraper Engine] Scraping Digital Agency in Indore...
[Scraper Engine] Scraping Digital Agency in Bhopal...
[Scraper Engine] Scraping Digital Agency in Pune...
[Scraper Engine] Scraping Digital Agency in Mumbai...
[Scraper Engine] Scraping Real Estate in Indore...
[Scraper Engine] Scraping Real Estate in Bhopal...
[Scraper Engine] Scraping Real Estate in Pune...
[Scraper Engine] Scraping Real Estate in Mumbai...
[Scraper Engine] Scraping Restaurant in Indore...
[Scraper Engine] Scraping Restaurant in Bhopal...
[Scraper Engine] Scraping Restaurant in Pune...
[Scraper Engine] Scraping Restaurant in Mumbai...
[Scraper Engine] Scraping Coaching Institute in Indore...
[Scraper Engine] Scraping Coaching Institute in Bhopal...
[Scraper Engine] Scraping Coaching Institute in Pune...
[Scraper Engine] Scraping Coaching Institute in Mumbai...
[SUCCESS] Batch completed! Added 0 new targeted business leads.
[Scraper Engine] Scraping Digital Agency in Indore...
[Scraper Engine] Scraping Digital Agency in Bhopal...
[Scraper Engine] Scraping Digital Agency in Pune...
[Scraper Engine] Scraping Digital Agency in Mumbai...
[Scraper Engine] Scraping Real Estate in Indore...
[Scraper Engine] Scraping Real Estate in Bhopal...
[Scraper Engine] Scraping Real Estate in Pune...
[Scraper Engine] Scraping Real Estate in Mumbai...
[Scraper Engine] Scraping Restaurant in Indore...
[Scraper Engine] Scraping Restaurant in Bhopal...
[Scraper Engine] Scraping Restaurant in Pune...
[Scraper Engine] Scraping Restaurant in Mumbai...
[Scraper Engine] Scraping Coaching Institute in Indore...
[Scraper Engine] Scraping Coaching Institute in Bhopal...
[Scraper Engine] Scraping Coaching Institute in Pune...
[Scraper Engine] Scraping Coaching Institute in Mumbai...
[SUCCESS] Batch completed! Added 0 new targeted business leads.
[Scraper Engine] Scraping Digital Agency in Indore...
[Scraper Engine] Scraping Digital Agency in Bhopal...
[Scraper Engine] Scraping Digital Agency in Pune...
[Scraper Engine] Scraping Digital Agency in Mumbai...
[Scraper Engine] Scraping Real Estate in Indore...
[Scraper Engine] Scraping Real Estate in Bhopal...
[Scraper Engine] Scraping Real Estate in Pune...
[Scraper Engine] Scraping Real Estate in Mumbai...
[Scraper Engine] Scraping Restaurant in Indore...
[Scraper Engine] Scraping Restaurant in Bhopal...
[Scraper Engine] Scraping Restaurant in Pune...
[Scraper Engine] Scraping Restaurant in Mumbai...
[Scraper Engine] Scraping Coaching Institute in Indore...
[Scraper Engine] Scraping Coaching Institute in Bhopal...
[Scraper Engine] Scraping Coaching Institute in Pune...
[Scraper Engine] Scraping Coaching Institute in Mumbai...
[SUCCESS] Batch completed! Added 0 new targeted business leads.
[Scraper Engine] Scraping Digital Agency in Indore...
[Scraper Engine] Scraping Digital Agency in Bhopal...
[Scraper Engine] Scraping Digital Agency in Pune...
[Scraper Engine] Scraping Digital Agency in Mumbai...
[Scraper Engine] Scraping Real Estate in Indore...
[Scraper Engine] Scraping Real Estate in Bhopal...
[Scraper Engine] Scraping Real Estate in Pune...
[Scraper Engine] Scraping Real Estate in Mumbai...
[Scraper Engine] Scraping Restaurant in Indore...
[Scraper Engine] Scraping Restaurant in Bhopal...
[Scraper Engine] Scraping Restaurant in Pune...
[Scraper Engine] Scraping Restaurant in Mumbai...
[Scraper Engine] Scraping Coaching Institute in Indore...
[Scraper Engine] Scraping Coaching Institute in Bhopal...
[Scraper Engine] Scraping Coaching Institute in Pune...
[Scraper Engine] Scraping Coaching Institute in Mumbai...
[SUCCESS] Batch completed! Added 0 new targeted business leads.
[Scraper Engine] Scraping Digital Agency in Indore...
[Scraper Engine] Scraping Digital Agency in Bhopal...
[Scraper Engine] Scraping Digital Agency in Pune...
[Scraper Engine] Scraping Digital Agency in Mumbai...
[Scraper Engine] Scraping Real Estate in Indore...
[Scraper Engine] Scraping Real Estate in Bhopal...
[Scraper Engine] Scraping Real Estate in Pune...
[Scraper Engine] Scraping Real Estate in Mumbai...
[Scraper Engine] Scraping Restaurant in Indore...
[Scraper Engine] Scraping Restaurant in Bhopal...
[Scraper Engine] Scraping Restaurant in Pune...
[Scraper Engine] Scraping Restaurant in Mumbai...
[Scraper Engine] Scraping Coaching Institute in Indore...
[Scraper Engine] Scraping Coaching Institute in Bhopal...
[Scraper Engine] Scraping Coaching Institute in Pune...
[Scraper Engine] Scraping Coaching Institute in Mumbai...
[SUCCESS] Batch completed! Added 0 new targeted business leads.
[Scraper Engine] Scraping Digital Agency in Indore...
[Scraper Engine] Scraping Digital Agency in Bhopal...
[Scraper Engine] Scraping Digital Agency in Pune...
[Scraper Engine] Scraping Digital Agency in Mumbai...
[Scraper Engine] Scraping Real Estate in Indore...
[Scraper Engine] Scraping Real Estate in Bhopal...
[Scraper Engine] Scraping Real Estate in Pune...
[Scraper Engine] Scraping Real Estate in Mumbai...
[Scraper Engine] Scraping Restaurant in Indore...
[Scraper Engine] Scraping Restaurant in Bhopal...
[Scraper Engine] Scraping Restaurant in Pune...
[Scraper Engine] Scraping Restaurant in Mumbai...
[Scraper Engine] Scraping Coaching Institute in Indore...
[Scraper Engine] Scraping Coaching Institute in Bhopal...
[Scraper Engine] Scraping Coaching Institute in Pune...
[Scraper Engine] Scraping Coaching Institute in Mumbai...
[SUCCESS] Batch completed! Added 0 new targeted business leads.
