==================================================
   DAMODAR EMPIRE: SELF-HEALING ULTRA-STEALTH SWARM 
==================================================

==================================================
[TARGET LOCKED] Processing: Impact.com (Partnership SaaS)
Remaining to complete: 34

[🛡️ MILITARY IP & FINGERPRINT ROTATION] Toggling ADB Airplane Mode...
[✅ FINGERPRINT SECURED] Res: 1366x768 | Canvas ID: spoofed_v3
[⏳ HUMAN MIMICRY] Simulating natural form filling, mouse jitters & human pace (28.1s)...
[SUCCESS] Partnership securely locked for Impact.com!
[🛌 HUMAN REST PACING] Taking a natural offline break of 55 minutes before next network...

==================================================
[TARGET LOCKED] Processing: PartnerStack (SaaS Partner Network)
Remaining to complete: 31

[🛡️ MILITARY IP & FINGERPRINT ROTATION] Toggling ADB Airplane Mode...
[✅ FINGERPRINT SECURED] Res: 1920x1080 | Canvas ID: spoofed_v1
[⏳ HUMAN MIMICRY] Simulating natural form filling, mouse jitters & human pace (34.7s)...
[SUCCESS] Partnership securely locked for PartnerStack!
[🛌 HUMAN REST PACING] Taking a natural offline break of 82 minutes before next network...

==================================================
[TARGET LOCKED] Processing: Bluehost (Tech SaaS)
Remaining to complete: 28

[🛡️ MILITARY IP & FINGERPRINT ROTATION] Toggling ADB Airplane Mode...
[✅ FINGERPRINT SECURED] Res: 2560x1440 | Canvas ID: spoofed_v2
[⏳ HUMAN MIMICRY] Simulating natural form filling, mouse jitters & human pace (21.2s)...
[SUCCESS] Partnership securely locked for Bluehost!
[🛌 HUMAN REST PACING] Taking a natural offline break of 33 minutes before next network...

==================================================
[TARGET LOCKED] Processing: SiteGround (Tech SaaS)
Remaining to complete: 26

[🛡️ MILITARY IP & FINGERPRINT ROTATION] Toggling ADB Airplane Mode...
[✅ FINGERPRINT SECURED] Res: 1366x768 | Canvas ID: spoofed_v3
[⏳ HUMAN MIMICRY] Simulating natural form filling, mouse jitters & human pace (27.0s)...
[SUCCESS] Partnership securely locked for SiteGround!
[🛌 HUMAN REST PACING] Taking a natural offline break of 33 minutes before next network...

==================================================
[TARGET LOCKED] Processing: Notion (Productivity SaaS)
Remaining to complete: 25

[🛡️ MILITARY IP & FINGERPRINT ROTATION] Toggling ADB Airplane Mode...
[✅ FINGERPRINT SECURED] Res: 1920x1080 | Canvas ID: spoofed_v1
[⏳ HUMAN MIMICRY] Simulating natural form filling, mouse jitters & human pace (29.3s)...
[SUCCESS] Partnership securely locked for Notion!
[🛌 HUMAN REST PACING] Taking a natural offline break of 59 minutes before next network...

==================================================
[TARGET LOCKED] Processing: Notion (Productivity SaaS)
Remaining to complete: 23

[🛡️ MILITARY IP & FINGERPRINT ROTATION] Toggling ADB Airplane Mode...
[✅ FINGERPRINT SECURED] Res: 1920x1080 | Canvas ID: spoofed_v1
[⏳ HUMAN MIMICRY] Simulating natural form filling, mouse jitters & human pace (16.9s)...
[SUCCESS] Partnership securely locked for Notion!
[🛌 HUMAN REST PACING] Taking a natural offline break of 86 minutes before next network...

==================================================
[TARGET LOCKED] Processing: Copy.ai (AI SaaS)
Remaining to complete: 20

[🛡️ MILITARY IP & FINGERPRINT ROTATION] Toggling ADB Airplane Mode...
[✅ FINGERPRINT SECURED] Res: 1920x1080 | Canvas ID: spoofed_v1
[⏳ HUMAN MIMICRY] Simulating natural form filling, mouse jitters & human pace (24.9s)...
[SUCCESS] Partnership securely locked for Copy.ai!
[🛌 HUMAN REST PACING] Taking a natural offline break of 89 minutes before next network...

==================================================
[TARGET LOCKED] Processing: GetResponse (Marketing SaaS)
Remaining to complete: 17

[🛡️ MILITARY IP & FINGERPRINT ROTATION] Toggling ADB Airplane Mode...
[✅ FINGERPRINT SECURED] Res: 2560x1440 | Canvas ID: spoofed_v2
[⏳ HUMAN MIMICRY] Simulating natural form filling, mouse jitters & human pace (33.6s)...
[SUCCESS] Partnership securely locked for GetResponse!
[🛌 HUMAN REST PACING] Taking a natural offline break of 112 minutes before next network...

==================================================
[TARGET LOCKED] Processing: ActiveCampaign (Marketing SaaS)
Remaining to complete: 13

[🛡️ MILITARY IP & FINGERPRINT ROTATION] Toggling ADB Airplane Mode...
[✅ FINGERPRINT SECURED] Res: 1366x768 | Canvas ID: spoofed_v3
[⏳ HUMAN MIMICRY] Simulating natural form filling, mouse jitters & human pace (17.5s)...
[SUCCESS] Partnership securely locked for ActiveCampaign!
[🛌 HUMAN REST PACING] Taking a natural offline break of 71 minutes before next network...

==================================================
[TARGET LOCKED] Processing: Thinkific (E-Learning SaaS)
Remaining to complete: 11

[🛡️ MILITARY IP & FINGERPRINT ROTATION] Toggling ADB Airplane Mode...
[✅ FINGERPRINT SECURED] Res: 1920x1080 | Canvas ID: spoofed_v1
[⏳ HUMAN MIMICRY] Simulating natural form filling, mouse jitters & human pace (33.0s)...
[SUCCESS] Partnership securely locked for Thinkific!
[🛌 HUMAN REST PACING] Taking a natural offline break of 47 minutes before next network...

==================================================
[TARGET LOCKED] Processing: ClickFunnels (Marketing SaaS)
Remaining to complete: 9

[🛡️ MILITARY IP & FINGERPRINT ROTATION] Toggling ADB Airplane Mode...
[✅ FINGERPRINT SECURED] Res: 2560x1440 | Canvas ID: spoofed_v2
[⏳ HUMAN MIMICRY] Simulating natural form filling, mouse jitters & human pace (17.2s)...
[SUCCESS] Partnership securely locked for ClickFunnels!
[🛌 HUMAN REST PACING] Taking a natural offline break of 48 minutes before next network...

==================================================
[TARGET LOCKED] Processing: Amazon Associates (E-Commerce)
Remaining to complete: 7

[🛡️ MILITARY IP & FINGERPRINT ROTATION] Toggling ADB Airplane Mode...
[✅ FINGERPRINT SECURED] Res: 1366x768 | Canvas ID: spoofed_v3
[⏳ HUMAN MIMICRY] Simulating natural form filling, mouse jitters & human pace (29.1s)...
[SUCCESS] Partnership securely locked for Amazon Associates!
[🛌 HUMAN REST PACING] Taking a natural offline break of 111 minutes before next network...

==================================================
[TARGET LOCKED] Processing: eBay Partner Network (E-Commerce)
Remaining to complete: 3

[🛡️ MILITARY IP & FINGERPRINT ROTATION] Toggling ADB Airplane Mode...
[✅ FINGERPRINT SECURED] Res: 1366x768 | Canvas ID: spoofed_v3
[⏳ HUMAN MIMICRY] Simulating natural form filling, mouse jitters & human pace (33.5s)...
[SUCCESS] Partnership securely locked for eBay Partner Network!
[🛌 HUMAN REST PACING] Taking a natural offline break of 49 minutes before next network...
[🎉 SUCCESS] All 45+ Affiliate Networks successfully locked and verified!
