==================================================
   DAMODAR EMPIRE: SUPABASE CLOUD SYNC BRIDGE    
==================================================

[🔄 SUPABASE SYNC] Initiating secure uplink to Cloud Database...
[☁️ CLOUD UPLOAD] Encrypting and pushing 7533 bytes to Supabase cluster...
[✅ SYNC SUCCESS] Local vaults perfectly mirrored to Cloud at 12:40:12!
[⏳ IDLE] Cloud bridge resting. Next sync in 10 minutes...

[🔄 SUPABASE SYNC] Initiating secure uplink to Cloud Database...
[☁️ CLOUD UPLOAD] Encrypting and pushing 3120 bytes to Supabase cluster...
[✅ SYNC SUCCESS] Local vaults perfectly mirrored to Cloud at 12:50:15!
[⏳ IDLE] Cloud bridge resting. Next sync in 10 minutes...

[🔄 SUPABASE SYNC] Initiating secure uplink to Cloud Database...
[☁️ CLOUD UPLOAD] Encrypting and pushing 6001 bytes to Supabase cluster...
[✅ SYNC SUCCESS] Local vaults perfectly mirrored to Cloud at 13:00:17!
[⏳ IDLE] Cloud bridge resting. Next sync in 10 minutes...

[🔄 SUPABASE SYNC] Initiating secure uplink to Cloud Database...
[☁️ CLOUD UPLOAD] Encrypting and pushing 4332 bytes to Supabase cluster...
[✅ SYNC SUCCESS] Local vaults perfectly mirrored to Cloud at 13:10:19!
[⏳ IDLE] Cloud bridge resting. Next sync in 10 minutes...

[🔄 SUPABASE SYNC] Initiating secure uplink to Cloud Database...
[☁️ CLOUD UPLOAD] Encrypting and pushing 2238 bytes to Supabase cluster...
[✅ SYNC SUCCESS] Local vaults perfectly mirrored to Cloud at 13:20:21!
[⏳ IDLE] Cloud bridge resting. Next sync in 10 minutes...

[🔄 SUPABASE SYNC] Initiating secure uplink to Cloud Database...
[☁️ CLOUD UPLOAD] Encrypting and pushing 2178 bytes to Supabase cluster...
[✅ SYNC SUCCESS] Local vaults perfectly mirrored to Cloud at 13:30:23!
[⏳ IDLE] Cloud bridge resting. Next sync in 10 minutes...

[🔄 SUPABASE SYNC] Initiating secure uplink to Cloud Database...
[☁️ CLOUD UPLOAD] Encrypting and pushing 6784 bytes to Supabase cluster...
[✅ SYNC SUCCESS] Local vaults perfectly mirrored to Cloud at 13:40:27!
[⏳ IDLE] Cloud bridge resting. Next sync in 10 minutes...
