=== [DAMODAR STRICT CORPORATE CAPPED AFFILIATE DAEMON] ===
[STATUS] Date: 2026-07-29 | Limit: 20 | Done Today: 0
[🛡️ CORPORATE SECURITY] Locked ID: clouddeskdamodardigital21@gmail.com -> Target: ExpressVPN
[🛡️ HARDWARE ADB] Toggling phone airplane mode via USB for fresh IP...
[⚠️ ADB BRIDGE NOTICE]: Command '['adb', 'shell', 'settings', 'put', 'global', 'airplane_mode_on', '1']' returned non-zero exit status 255.. Continuing with standard connection...
[🧠 HUMAN MIMICRY] Preparing secure profile for [ExpressVPN]...
[⏳ PACING] Simulating organic form completion (~5.1 mins)...
[🔗 SECURE HANDSHAKE] Submitting partnership form on [ExpressVPN]...
[✅ BAN-PROOF SUCCESS] Locked ExpressVPN with clouddeskdamodardigital21@gmail.com!
[TOTAL TODAY]: 1 / 20

[⏳ COOLDOWN] Resting for 21 minutes...
[STATUS] Date: 2026-07-29 | Limit: 22 | Done Today: 1
[🛡️ CORPORATE SECURITY] Locked ID: app.studio.damodarworks@gmail.com -> Target: Coursera
[🛡️ HARDWARE ADB] Toggling phone airplane mode via USB for fresh IP...
[⚠️ ADB BRIDGE NOTICE]: Command '['adb', 'shell', 'settings', 'put', 'global', 'airplane_mode_on', '1']' returned non-zero exit status 255.. Continuing with standard connection...
[🧠 HUMAN MIMICRY] Preparing secure profile for [Coursera]...
[⏳ PACING] Simulating organic form completion (~3.0 mins)...
[🔗 SECURE HANDSHAKE] Submitting partnership form on [Coursera]...
[✅ BAN-PROOF SUCCESS] Locked Coursera with app.studio.damodarworks@gmail.com!
[TOTAL TODAY]: 2 / 22

[⏳ COOLDOWN] Resting for 24 minutes...
[STATUS] Date: 2026-07-29 | Limit: 24 | Done Today: 2
[🛡️ CORPORATE SECURITY] Locked ID: appadmindamodarcore68@gmail.com -> Target: Jasper AI
[🛡️ HARDWARE ADB] Toggling phone airplane mode via USB for fresh IP...
[⚠️ ADB BRIDGE NOTICE]: Command '['adb', 'shell', 'settings', 'put', 'global', 'airplane_mode_on', '1']' returned non-zero exit status 255.. Continuing with standard connection...
[🧠 HUMAN MIMICRY] Preparing secure profile for [Jasper AI]...
[⏳ PACING] Simulating organic form completion (~4.3 mins)...
[🔗 SECURE HANDSHAKE] Submitting partnership form on [Jasper AI]...
[✅ BAN-PROOF SUCCESS] Locked Jasper AI with appadmindamodarcore68@gmail.com!
[TOTAL TODAY]: 3 / 24

[⏳ COOLDOWN] Resting for 42 minutes...
